[0;34m[INFO][0m Starting fix for go SDK
[0;34m[INFO][0m Using report: .audits/go-sdk/2025-11-30T17-33-50-pr-400-go-20251130-173350-014ca580.json
^D## Summary

I've successfully implemented fixes for the Go SDK based on the audit report. Here's what was done:

### Issues Fixed (8 total)
Added the `object` field to the following structs:

**Resource Structs:**
- `Contact` (contacts.go)
- `Topic` (topics.go)
- `Segment` (segments.go)
- `ContactProperty` (contact_properties.go)
- `Form` (forms.go)
- `ApiKey` (api_keys.go)

**List Response Structs:**
- `ListContactsResponse` (contacts.go)
- `SearchContactsResponse` (contacts.go)
- `ListTopicsResponse` (topics.go)
- `ListSegmentsResponse` (segments.go)
- `ListSegmentContactsResponse` (segments.go)
- `ListContactPropertiesResponse` (contact_properties.go)
- `ListFormsResponse` (forms.go)
- `ListApiKeysResponse` (api_keys.go)

### Already Fixed (6 issues)
The audit identified some issues that were already resolved in the current codebase:
- `Properties` type already uses `map[string]interface{}` (INC-004, INC-005, TYPE-001)
- `CreateTopicParams` already has `DefaultOptIn` field (INC-010)
- Forms already has Update/Delete methods
- ApiKeys already has List method

### Skipped (4 minor issues)
Minor suggestions for typed constants and naming conventions that are enhancements rather than required fixes.

### Verification Results
- ✅ `go build ./...` - Passed
- ✅ `go vet ./...` - Passed
- ⚠️ `go test ./...` - Requires mock server (not available)
- ✅ `gofmt` - SDK code is compliant

### Files Modified
- `contacts.go`
- `topics.go`
- `segments.go`
- `contact_properties.go`
- `forms.go`
- `api_keys.go`

### Fix Report
Generated at: `.audits/go-sdk/fixes/2025-12-01T00-00-00-pr-400-go-20251130-173350-014ca580-fixes.json`
[?25h[?25h[0;32m[SUCCESS][0m Completed fixes for go SDK
