[0;34m[INFO][0m Starting audit for go SDK with ID: pr-456-go-20251206-054403-4a30089e
^D## Go SDK Audit Complete

**Audit ID:** `pr-456-go-20251206-054403-4a30089e`

**Report Location:** `.audits/go-sdk/2025-12-06T05-44-03-pr-456-go-20251206-054403-4a30089e.json`

---

### Summary

| Metric | Value |
|--------|-------|
| **Total Issues** | 5 |
| **Critical** | 0 |
| **Major** | 3 |
| **Minor** | 2 |
| **Coverage** | 100% (30/30 endpoints) |

---

### Top 3 Major Issues

1. **Missing `city` field in CreateContactParams** (`contacts.go:30`)
   - The OpenAPI spec defines `city` as an optional field for contact creation, but it's missing from the SDK struct

2. **Missing `city` field in UpdateContactParams** (`contacts.go:50`)
   - Same issue for contact updates

3. **Segment conditions type safety** (`segments.go:25`)
   - Conditions use generic `map[string]interface{}` instead of properly typed MongoDB query structures

---

### Top 3 Recommendations

1. **High Priority:** Add the missing `city` field to `CreateContactParams` and `UpdateContactParams` structs:
   ```go
   City *string `json:"city,omitempty"`
   ```

2. **Medium Priority:** Define proper MongoDB query condition types for better type safety in Segments

3. **Low Priority:** Consider renaming `ApiKeysSvc` to `APIKeysSvc` following Go naming conventions for acronyms

---

### SDK Structure Analyzed

| Resource | File | Methods |
|----------|------|---------|
| Contacts | `contacts.go` | Create, List, Get, Update, Delete, Search |
| Topics | `topics.go` | Create, List, Get, Update, Delete, GetContacts |
| Segments | `segments.go` | Create, List, Get, Update, Delete, GetContacts |
| Forms | `forms.go` | Create, List, Get, Update, Delete |
| API Keys | `api_keys.go` | Create, List, Get, Delete |
| Contact Properties | `contact_properties.go` | Create, List, Get, Update, Delete |
[?25h[?25h[0;32m[SUCCESS][0m Completed audit for go SDK
  Audit ID: pr-456-go-20251206-054403-4a30089e
