[0;34m[INFO][0m Starting audit for nodejs SDK with ID: pr-456-nodejs-20251206-054403-9dce1d02
^D## Node.js SDK Audit Complete

**Audit ID:** `pr-456-nodejs-20251206-054403-9dce1d02`

### Summary: PASS (100% Coverage)

The Kibamail Node.js SDK is fully aligned with the OpenAPI specification.

### Coverage Statistics
| Resource | Endpoints | Implemented | Coverage |
|----------|-----------|-------------|----------|
| API Keys | 3 | 3 | 100% |
| Contacts | 6 | 6 | 100% |
| Topics | 6 | 6 | 100% |
| Segments | 6 | 6 | 100% |
| Contact Properties | 5 | 5 | 100% |
| Forms | 8 | 8 | 100% |
| **Total** | **32** | **32** | **100%** |

### Key Findings
- **Critical Issues:** 0
- **Warnings:** 0
- **Suggestions:** 2 (documentation & testing recommendations)

### Architecture
- Uses `openapi-fetch` with typed paths from `openapi-typescript`
- Consistent class-based resource pattern across all 6 resources
- Type extraction directly from schema paths ensures type safety
- Comprehensive JSDoc documentation on all methods

### Report Location
`.audits/nodejs-sdk/2025-12-06T05-45-00-pr-456-nodejs-20251206-054403-9dce1d02.json`
[?25h[?25h[0;32m[SUCCESS][0m Completed audit for nodejs SDK
  Audit ID: pr-456-nodejs-20251206-054403-9dce1d02
